[estrellasdebetta.github.io/web.archive.org/web/20170804024247/http_/estrellasdebetta.com/horoscopo/index.html]
[estrellasdebetta.github.io/web.archive.org/web/20170804024236/http_/estrellasdebetta.com/bio/index.html]
[estrellasdebetta.github.io/web.archive.org/web/20170703183911/http_/estrellasdebetta.com/blog/index.html]
[estrellasdebetta.github.io/web.archive.org/web/20170914025252/http_/estrellasdebetta.com/index.html]
[estrellasdebetta.github.io/web.archive.org/web/20170803235147/http_/estrellasdebetta.com/servicios/index.html]
[estrellasdebetta.github.io/web.archive.org/web/20170803235052/http_/estrellasdebetta.com/contacto/index.html]
[estrellasdebetta.github.io/web.archive.org/web/20170803235141/http_/estrellasdebetta.com/preguntas-mas-frecuentes/index.html]
[estrellasdebetta.github.io/web.archive.org/web/20170803235045/http_/estrellasdebetta.com/cart/index.html]
[web.archive.org/_static/js/bundle-playback0cbf.js]
[web.archive.org/_static/css/banner-styles52e6.css]
[web.archive.org/_static/css/iconochive8307.css]
[web.archive.org/_static/js/wombat9b8c.js]
[estrellasdebetta.github.io/web.archive.org/web/20170914025252/http_/estrellasdebetta.com/GET]
[estrellasdebetta.github.io/web.archive.org/web/20170914025252/http_/estrellasdebetta.com/wp-content/themes/dt-the7/set-cookiee0f5.php]
[backblue.gif]
[fade.gif]
[index.html]
[estrellasdebetta.github.io/web.archive.org/web/20170914025315/https_/www.google-analytics.com/analytics.js]
[estrellasdebetta.github.io/web.archive.org/web/20171002180443cs_/http_/estrellasdebetta.com/wp-content/themes/dt-the7/js/plugins/validator/validationEngine.jquerya288.css]
[estrellasdebetta.github.io/web.archive.org/web/20171002180341cs_/http_/estrellasdebetta.com/wp-content/plugins/pricing-table/css/site/tipTipa288.css]
[estrellasdebetta.github.io/web.archive.org/web/20171002182156cs_/http_/estrellasdebetta.com/wp-content/plugins/recent-tweets-widget/tp_twitter_plugin5152.css]
[estrellasdebetta.github.io/web.archive.org/web/20171002180031cs_/http_/estrellasdebetta.com/wp-content/plugins/revslider/public/assets/css/settings5223.css]
[estrellasdebetta.github.io/web.archive.org/web/20171002180752cs_/http_/estrellasdebetta.com/wp-content/plugins/woocommerce/assets/css/woocommerce-layout0226.css]
[estrellasdebetta.github.io/web.archive.org/web/20171002175528cs_/http_/estrellasdebetta.com/wp-content/plugins/woocommerce/assets/css/woocommerce-smallscreen0226.css]
[estrellasdebetta.github.io/web.archive.org/web/20171002182037cs_/http_/estrellasdebetta.com/wp-content/plugins/woocommerce/assets/css/woocommerce0226.css]
[estrellasdebetta.github.io/web.archive.org/web/20171002180204cs_/http_/estrellasdebetta.com/wp-content/themes/dt-the7/css/normalizea288.css]
[estrellasdebetta.github.io/web.archive.org/web/20171002180246cs_/http_/estrellasdebetta.com/wp-content/themes/dt-the7/css/wireframea288.css]
[estrellasdebetta.github.io/web.archive.org/web/20171002182635cs_/http_/estrellasdebetta.com/wp-content/themes/dt-the7/css/maina288.css]
[estrellasdebetta.github.io/web.archive.org/web/20171002180041cs_/http_/estrellasdebetta.com/wp-content/themes/dt-the7/css/mediaa288.css]
[estrellasdebetta.github.io/web.archive.org/web/20171002181209cs_/http_/estrellasdebetta.com/wp-content/uploads/wp-less/dt-the7/css/custom-f091ff0521a288.css]
[estrellasdebetta.github.io/web.archive.org/web/20171002182630cs_/http_/estrellasdebetta.com/wp-content/themes/dt-the7/royalslider/royalslidera288.css]
[estrellasdebetta.github.io/web.archive.org/web/20171002175847cs_/http_/estrellasdebetta.com/wp-content/themes/dt-the7/js/plugins/pretty-photo/css/prettyPhotoa288.css]
[estrellasdebetta.github.io/web.archive.org/web/20171002175806cs_/http_/estrellasdebetta.com/wp-content/themes/dt-the7-child/stylea288.css]
[estrellasdebetta.github.io/web.archive.org/web/20171002180612js_/http_/estrellasdebetta.com/wp-includes/js/jquery/jqueryb8ff.js]
[estrellasdebetta.github.io/web.archive.org/web/20171002181747js_/http_/estrellasdebetta.com/wp-includes/js/jquery/jquery-migrate.min330a.js]
[estrellasdebetta.github.io/web.archive.org/web/20171002181823js_/http_/estrellasdebetta.com/wp-content/plugins/pricing-table/js/site/icona288.js]
[estrellasdebetta.github.io/web.archive.org/web/20171002182719js_/http_/estrellasdebetta.com/wp-content/plugins/pricing-table/js/site/jquery.tipTip.minifieda288.js]
[estrellasdebetta.github.io/web.archive.org/web/20171002180729js_/http_/estrellasdebetta.com/wp-content/plugins/revslider/public/assets/js/jquery.themepunch.tools.min5223.js]
[estrellasdebetta.github.io/web.archive.org/web/20171002180603js_/http_/estrellasdebetta.com/wp-content/plugins/revslider/public/assets/js/jquery.themepunch.revolution.min5223.js]
[estrellasdebetta.github.io/web.archive.org/web/20171002175706js_/http_/estrellasdebetta.com/wp-content/themes/dt-the7/js/modernizra288.js]
[estrellasdebetta.github.io/web.archive.org/web/20171002181401im_/http_/estrellasdebetta.com/wp-content/uploads/2015/06/logo_blanco2.png]
[estrellasdebetta.github.io/web.archive.org/web/20170914025252/http_/estrellasdebetta.com/index2a34.html]
[estrellasdebetta.github.io/web.archive.org/web/20171002180006im_/http_/estrellasdebetta.com/wp-content/uploads/2015/07/desenfocados.png]
[estrellasdebetta.github.io/web.archive.org/web/20171002175629im_/http_/estrellasdebetta.com/wp-content/uploads/2017/08/Diapositiva2-1.png]
[estrellasdebetta.github.io/web.archive.org/web/20171002182412im_/http_/estrellasdebetta.com/wp-content/uploads/2013/09/demo01.jpg]
[estrellasdebetta.github.io/web.archive.org/web/20171002180818cs_/http_/estrellasdebetta.com/wp-content/themes/dt-the7/wpbakery/js_composer/assets/css/js_composer_frontc1ca.css]
[estrellasdebetta.github.io/web.archive.org/web/20171002182517js_/http_/estrellasdebetta.com/wp-content/plugins/woocommerce/assets/js/frontend/add-to-cart.min0226.js]
[estrellasdebetta.github.io/web.archive.org/web/20171002175652js_/http_/estrellasdebetta.com/wp-content/plugins/woocommerce/assets/js/jquery-blockui/jquery.blockUI.min44fd.js]
[estrellasdebetta.github.io/web.archive.org/web/20171002175646js_/http_/estrellasdebetta.com/wp-content/plugins/woocommerce/assets/js/js-cookie/js.cookie.min6b25.js]
[estrellasdebetta.github.io/web.archive.org/web/20171002181206js_/http_/estrellasdebetta.com/wp-content/plugins/woocommerce/assets/js/frontend/woocommerce.min0226.js]
[estrellasdebetta.github.io/web.archive.org/web/20171002182544js_/http_/estrellasdebetta.com/wp-content/plugins/woocommerce/assets/js/frontend/cart-fragments.min0226.js]
[estrellasdebetta.github.io/web.archive.org/web/20171002182648js_/http_/estrellasdebetta.com/wp-content/themes/dt-the7/js/plugins/pretty-photo/js/jquery.prettyPhoto.js]
[estrellasdebetta.github.io/web.archive.org/web/20171002175749js_/http_/estrellasdebetta.com/wp-content/themes/dt-the7/royalslider/jquery.royalslider.js]
[estrellasdebetta.github.io/web.archive.org/web/20171002181419js_/http_/estrellasdebetta.com/wp-content/themes/dt-the7/js/main5152.js]
[estrellasdebetta.github.io/web.archive.org/web/20171002182424js_/http_/estrellasdebetta.com/wp-content/themes/dt-the7/js/dt-dev-code5152.js]
[estrellasdebetta.github.io/web.archive.org/web/20171002175521js_/http_/estrellasdebetta.com/wp-content/themes/dt-the7/js/plugins.js]
[estrellasdebetta.github.io/web.archive.org/web/20171002180632js_/http_/estrellasdebetta.com/wp-content/plugins/woocommerce-product-price-based-on-countries/assets/js/wcpbc-frontend.min10ef.js]
[estrellasdebetta.github.io/web.archive.org/web/20171002182524js_/http_/estrellasdebetta.com/wp-includes/js/wp-embed.mina288.js]
[estrellasdebetta.github.io/web.archive.org/web/20170914025252/http_/estrellasdebetta.com/index.html]
[archive.org/includes/analytics2a5b.js]
[estrellasdebetta.github.io/web.archive.org/web/20171002181905js_/http_/estrellasdebetta.com/wp-content/themes/dt-the7/wpbakery/js_composer/assets/js/js_composer_frontc1ca.js]
[estrellasdebetta.github.io/web.archive.org/web/20170804024236/http_/estrellasdebetta.com/bio/GET.69.delayed]
[estrellasdebetta.github.io/web.archive.org/web/20170804024235/https_/www.google-analytics.com/analytics.js]
[estrellasdebetta.github.io/web.archive.org/web/20170815140715cs_/http_/estrellasdebetta.com/wp-content/plugins/contact-form-7/includes/css/styles4906.css]
[estrellasdebetta.github.io/web.archive.org/web/20170814114044cs_/http_/estrellasdebetta.com/wp-content/plugins/instagram-feed/css/sb-instagram.minb493.css]
[estrellasdebetta.github.io/web.archive.org/web/20170804022353cs_/https_/maxcdn.bootstrapcdn.com/font-awesome/4.6.3/css/font-awesome.min4698.css]
[estrellasdebetta.github.io/web.archive.org/web/20170814182906cs_/http_/estrellasdebetta.com/wp-content/plugins/recent-tweets-widget/tp_twitter_plugin5152.css]
[estrellasdebetta.github.io/web.archive.org/web/20170812032118cs_/http_/estrellasdebetta.com/wp-content/plugins/revslider/public/assets/css/settings5223.css]
[estrellasdebetta.github.io/web.archive.org/web/20170815014813cs_/http_/estrellasdebetta.com/wp-content/plugins/woocommerce/assets/css/woocommerce-layout8d18.css]
[estrellasdebetta.github.io/web.archive.org/web/20170814080635cs_/http_/estrellasdebetta.com/wp-content/plugins/woocommerce/assets/css/woocommerce-smallscreen8d18.css]
[estrellasdebetta.github.io/web.archive.org/web/20170813073736cs_/http_/estrellasdebetta.com/wp-content/plugins/woocommerce/assets/css/woocommerce8d18.css]
[estrellasdebetta.github.io/web.archive.org/web/20170814060525js_/http_/estrellasdebetta.com/wp-includes/js/jquery/jquery-migrate.min330a.js]
[estrellasdebetta.github.io/web.archive.org/web/20170812211840js_/http_/estrellasdebetta.com/wp-includes/js/jquery/jqueryb8ff.js]
[web.archive.org/_static/images/toolbar/wayback-toolbar-logo-200.png]
[estrellasdebetta.github.io/web.archive.org/web/20170812195051js_/http_/estrellasdebetta.com/wp-content/plugins/revslider/public/assets/js/jquery.themepunch.revolution.min5223.js]
[web.archive.org/_static/images/toolbar/wm_tb_prv_off.png]
[web.archive.org/_static/images/toolbar/wm_tb_nxt_on.png]
[web.archive.org/_static/images/loading.gif]
[estrellasdebetta.github.io/web.archive.org/web/20170813012300js_/http_/estrellasdebetta.com/wp-content/plugins/revslider/public/assets/js/jquery.themepunch.tools.min5223.js]
[estrellasdebetta.github.io/web.archive.org/web/20170813202501im_/http_/estrellasdebetta.com/wp-content/uploads/2015/06/logo_blanco2.png]
[estrellasdebetta.github.io/web.archive.org/web/20171022102609im_/http_/estrellasdebetta.com/wp-content/uploads/2015/05/background1.jpg]
[estrellasdebetta.github.io/web.archive.org/web/20161223183948im_/http_/estrellasdebetta.com/wp-content/uploads/2015/05/Carolina_Rivas_BM-5.jpg]
[estrellasdebetta.github.io/web.archive.org/web/20170813034923cs_/http_/estrellasdebetta.com/wp-content/themes/dt-the7/wpbakery/js_composer/assets/css/js_composer_frontc1ca.css]
[estrellasdebetta.github.io/web.archive.org/web/20170812002134js_/http_/estrellasdebetta.com/wp-content/plugins/contact-form-7/includes/js/jquery.form.mind03d.js]
[estrellasdebetta.github.io/web.archive.org/web/20170814035427js_/http_/estrellasdebetta.com/wp-content/plugins/contact-form-7/includes/js/scripts4906.js]
[estrellasdebetta.github.io/web.archive.org/web/20170813004223js_/http_/estrellasdebetta.com/wp-content/plugins/instagram-feed/js/sb-instagram.minb493.js]
[estrellasdebetta.github.io/web.archive.org/web/20170812204956js_/http_/estrellasdebetta.com/wp-content/plugins/woocommerce/assets/js/frontend/add-to-cart.min8d18.js]
[estrellasdebetta.github.io/web.archive.org/web/20170811152156js_/http_/estrellasdebetta.com/wp-content/plugins/woocommerce/assets/js/jquery-blockui/jquery.blockUI.min44fd.js]
[estrellasdebetta.github.io/web.archive.org/web/20170811145328js_/http_/estrellasdebetta.com/wp-content/plugins/woocommerce/assets/js/js-cookie/js.cookie.min6b25.js]
[estrellasdebetta.github.io/web.archive.org/web/20170812090258js_/http_/estrellasdebetta.com/wp-content/plugins/woocommerce/assets/js/frontend/woocommerce.min8d18.js]
[estrellasdebetta.github.io/web.archive.org/web/20170812192805js_/http_/estrellasdebetta.com/wp-content/plugins/woocommerce/assets/js/frontend/cart-fragments.min8d18.js]
[estrellasdebetta.github.io/web.archive.org/web/20170811181806js_/http_/estrellasdebetta.com/wp-content/themes/dt-the7/royalslider/jquery.royalslider.js]
[estrellasdebetta.github.io/web.archive.org/web/20170815134812js_/http_/estrellasdebetta.com/wp-content/themes/dt-the7/js/plugins/pretty-photo/js/jquery.prettyPhoto.js]
[estrellasdebetta.github.io/web.archive.org/web/20170813212547js_/http_/estrellasdebetta.com/wp-content/themes/dt-the7/js/main5152.js]
[estrellasdebetta.github.io/web.archive.org/web/20170815035737js_/http_/estrellasdebetta.com/wp-content/themes/dt-the7/js/dt-dev-code5152.js]
[estrellasdebetta.github.io/web.archive.org/web/20170812152653js_/http_/estrellasdebetta.com/wp-content/plugins/woocommerce-product-price-based-on-countries/assets/js/wcpbc-frontend.min544c.js]
[estrellasdebetta.github.io/web.archive.org/web/20170811103155js_/http_/estrellasdebetta.com/wp-content/themes/dt-the7/js/plugins.js]
[estrellasdebetta.github.io/web.archive.org/web/20170804024236/http_/estrellasdebetta.com/bio/index.html]
[estrellasdebetta.github.io/web.archive.org/web/20170814093036js_/http_/estrellasdebetta.com/wp-content/themes/dt-the7/wpbakery/js_composer/assets/js/js_composer_frontc1ca.js]
[estrellasdebetta.github.io/web.archive.org/web/20170703183911/http_/estrellasdebetta.com/blog/GET]
[estrellasdebetta.github.io/web.archive.org/web/20170703183934/https_/www.google-analytics.com/analytics.js]
[estrellasdebetta.github.io/web.archive.org/web/20170703183911cs_/http_/estrellasdebetta.com/wp-content/themes/dt-the7/js/plugins/validator/validationEngine.jqueryef15.css]
[estrellasdebetta.github.io/web.archive.org/web/20170703184226cs_/https_/maxcdn.bootstrapcdn.com/font-awesome/4.6.3/css/font-awesome.min4698.css]
[estrellasdebetta.github.io/web.archive.org/web/20170703183911cs_/http_/estrellasdebetta.com/wp-content/plugins/pricing-table/css/site/tipTipef15.css]
[estrellasdebetta.github.io/web.archive.org/web/20170703183911cs_/http_/estrellasdebetta.com/wp-content/themes/dt-the7/css/normalizeef15.css]
[estrellasdebetta.github.io/web.archive.org/web/20170703183911cs_/http_/estrellasdebetta.com/wp-content/themes/dt-the7/css/wireframeef15.css]
[estrellasdebetta.github.io/web.archive.org/web/20170703183911cs_/http_/estrellasdebetta.com/wp-content/themes/dt-the7/css/mainef15.css]
[estrellasdebetta.github.io/web.archive.org/web/20170703183911cs_/http_/estrellasdebetta.com/wp-content/themes/dt-the7/css/mediaef15.css]
[estrellasdebetta.github.io/web.archive.org/web/20170703183911cs_/http_/estrellasdebetta.com/wp-content/uploads/wp-less/dt-the7/css/custom-f091ff0521ef15.css]
[estrellasdebetta.github.io/web.archive.org/web/20170703183911cs_/http_/estrellasdebetta.com/wp-content/themes/dt-the7/royalslider/royalslideref15.css]
[estrellasdebetta.github.io/web.archive.org/web/20170703183911cs_/http_/estrellasdebetta.com/wp-content/themes/dt-the7/js/plugins/pretty-photo/css/prettyPhotoef15.css]
[estrellasdebetta.github.io/web.archive.org/web/20170703183911cs_/http_/estrellasdebetta.com/wp-content/themes/dt-the7-child/styleef15.css]
[estrellasdebetta.github.io/web.archive.org/web/20170703183911js_/http_/estrellasdebetta.com/wp-content/plugins/pricing-table/js/site/iconef15.js]
[estrellasdebetta.github.io/web.archive.org/web/20170703183911js_/http_/estrellasdebetta.com/wp-content/plugins/pricing-table/js/site/jquery.tipTip.minifiedef15.js]
[estrellasdebetta.github.io/web.archive.org/web/20170703183911js_/http_/estrellasdebetta.com/wp-content/themes/dt-the7/js/modernizref15.js]
[web.archive.org/_static/images/toolbar/wm_tb_prv_on.png]
[estrellasdebetta.github.io/web.archive.org/web/20171022100837im_/http_/estrellasdebetta.com/wp-content/uploads/2015/05/stripe2.jpg]
[estrellasdebetta.github.io/web.archive.org/web/20170703183911im_/http_/estrellasdebetta.com/wp-content/uploads/2017/06/Diapositiva1.df.delayed]
[estrellasdebetta.github.io/web.archive.org/web/20170813044430im_/http_/estrellasdebetta.com/wp-content/uploads/2017/05/leo.png]
[estrellasdebetta.github.io/web.archive.org/web/20170703183911im_/http_/estrellasdebetta.com/wp-content/uploads/2017/03/Venus-retro-3.png]
[estrellasdebetta.github.io/web.archive.org/web/20170703183911im_/http_/estrellasdebetta.com/wp-content/uploads/2017/02/febrero.png]
[estrellasdebetta.github.io/web.archive.org/web/20170703183911im_/http_/estrellasdebetta.com/wp-content/uploads/2017/01/Diapositiva2.png]
[estrellasdebetta.github.io/web.archive.org/web/20170703183911im_/http_/estrellasdebetta.com/wp-content/uploads/2016/12/20161220_102046.jpg]
[estrellasdebetta.github.io/web.archive.org/web/20170703183911/http_/estrellasdebetta.com/wp-content/uploads/2016/12/20161220_102046.jpg]
[estrellasdebetta.github.io/web.archive.org/web/20170703183911im_/http_/estrellasdebetta.com/wp-content/uploads/2016/12/Vesta.png]
[estrellasdebetta.github.io/web.archive.org/web/20161223203926im_/http_/estrellasdebetta.com/wp-content/uploads/2016/10/Diapositiva16.png]
[estrellasdebetta.github.io/web.archive.org/web/20161019235744im_/http_/estrellasdebetta.com/wp-content/uploads/2015/06/Diapositiva1-2.png]
[estrellasdebetta.github.io/web.archive.org/web/20161223203957im_/http_/estrellasdebetta.com/wp-content/uploads/2016/09/Diapositiva6-1.png]
[estrellasdebetta.github.io/web.archive.org/web/20170703183911js_/http_/estrellasdebetta.com/wp-includes/js/wp-embed.minef15.js]
[estrellasdebetta.github.io/web.archive.org/web/20170703183911/http_/estrellasdebetta.com/blog/index.html]
[estrellasdebetta.github.io/web.archive.org/web/20170804024247/http_/estrellasdebetta.com/horoscopo/GET]
[estrellasdebetta.github.io/web.archive.org/web/20170804024247/http_/www.google-analytics.com/analytics.js]
[estrellasdebetta.github.io/web.archive.org/web/20161224122633im_/http_/estrellasdebetta.com/wp-content/uploads/2015/07/piscis.png]
[estrellasdebetta.github.io/web.archive.org/web/20161223121235im_/http_/estrellasdebetta.com/wp-content/uploads/2015/07/acuario.png]
[estrellasdebetta.github.io/web.archive.org/web/20161224083155im_/http_/estrellasdebetta.com/wp-content/uploads/2015/07/capricornio.png]
[estrellasdebetta.github.io/web.archive.org/web/20161223122646im_/http_/estrellasdebetta.com/wp-content/uploads/2015/07/sagitario.png]
[estrellasdebetta.github.io/web.archive.org/web/20161224140214im_/http_/estrellasdebetta.com/wp-content/uploads/2015/07/escorpion1.png]
[estrellasdebetta.github.io/web.archive.org/web/20161224002048im_/http_/estrellasdebetta.com/wp-content/uploads/2015/07/libra.png]
[estrellasdebetta.github.io/web.archive.org/web/20161224122628im_/http_/estrellasdebetta.com/wp-content/uploads/2015/07/virgo.png]
[estrellasdebetta.github.io/web.archive.org/web/20161223123233im_/http_/estrellasdebetta.com/wp-content/uploads/2015/07/leo.png]
[estrellasdebetta.github.io/web.archive.org/web/20161224122623im_/http_/estrellasdebetta.com/wp-content/uploads/2015/07/cancer.png]
[estrellasdebetta.github.io/web.archive.org/web/20161223144840im_/http_/estrellasdebetta.com/wp-content/uploads/2015/07/geminis.png]
[estrellasdebetta.github.io/web.archive.org/web/20161223203931im_/http_/estrellasdebetta.com/wp-content/uploads/2015/07/tauro.png]
[estrellasdebetta.github.io/web.archive.org/web/20161224122646im_/http_/estrellasdebetta.com/wp-content/uploads/2015/07/aries.png]
[estrellasdebetta.github.io/web.archive.org/web/20170804024247/http_/estrellasdebetta.com/horoscopo/index.html]
[estrellasdebetta.github.io/web.archive.org/web/20170803235147/http_/estrellasdebetta.com/servicios/GET]
[estrellasdebetta.github.io/web.archive.org/web/20170803235143/https_/www.google-analytics.com/analytics.js]
[estrellasdebetta.github.io/web.archive.org/web/20170803235147cs_/http_/estrellasdebetta.com/wp-content/themes/dt-the7/js/plugins/validator/validationEngine.jquery.149ef15.delayed]
[estrellasdebetta.github.io/web.archive.org/web/20170803234544cs_/https_/maxcdn.bootstrapcdn.com/font-awesome/4.6.3/css/font-awesome.min4698.css]
[estrellasdebetta.github.io/web.archive.org/web/20170803235147cs_/http_/estrellasdebetta.com/wp-content/plugins/pricing-table/css/site/tipTipef15.css]
[estrellasdebetta.github.io/web.archive.org/web/20170803235147cs_/http_/estrellasdebetta.com/wp-content/themes/dt-the7/css/normalizeef15.css]
[estrellasdebetta.github.io/web.archive.org/web/20170803235147cs_/http_/estrellasdebetta.com/wp-content/themes/dt-the7/css/wireframeef15.css]
[estrellasdebetta.github.io/web.archive.org/web/20170803235147cs_/http_/estrellasdebetta.com/wp-content/themes/dt-the7/css/mainef15.css]
[estrellasdebetta.github.io/web.archive.org/web/20170803235147cs_/http_/estrellasdebetta.com/wp-content/themes/dt-the7/css/mediaef15.css]
[estrellasdebetta.github.io/web.archive.org/web/20170803235147cs_/http_/estrellasdebetta.com/wp-content/uploads/wp-less/dt-the7/css/custom-f091ff0521ef15.css]
[estrellasdebetta.github.io/web.archive.org/web/20170803235147cs_/http_/estrellasdebetta.com/wp-content/themes/dt-the7/royalslider/royalslideref15.css]
[estrellasdebetta.github.io/web.archive.org/web/20170803235147cs_/http_/estrellasdebetta.com/wp-content/themes/dt-the7/js/plugins/pretty-photo/css/prettyPhotoef15.css]
[estrellasdebetta.github.io/web.archive.org/web/20170803235147cs_/http_/estrellasdebetta.com/wp-content/themes/dt-the7-child/styleef15.css]
[estrellasdebetta.github.io/web.archive.org/web/20170803235147js_/http_/estrellasdebetta.com/wp-content/plugins/pricing-table/js/site/iconef15.js]
[estrellasdebetta.github.io/web.archive.org/web/20170803235147js_/http_/estrellasdebetta.com/wp-content/plugins/pricing-table/js/site/jquery.tipTip.minifiedef15.js]
[estrellasdebetta.github.io/web.archive.org/web/20170803235147js_/http_/estrellasdebetta.com/wp-content/themes/dt-the7/js/modernizref15.js]
[estrellasdebetta.github.io/web.archive.org/web/20161224140218im_/http_/estrellasdebetta.com/wp-content/uploads/2015/06/astrolo2-300x300.jpg]
[estrellasdebetta.github.io/web.archive.org/web/20161224161307im_/http_/estrellasdebetta.com/wp-content/uploads/2015/06/Reloj-300x300.jpg]
[estrellasdebetta.github.io/web.archive.org/web/20161224144035im_/http_/estrellasdebetta.com/wp-content/uploads/2015/06/astrolo1-300x300.jpg]
[estrellasdebetta.github.io/web.archive.org/web/20170803235147/http_/estrellasdebetta.com/servicios/indexe27a.html]
[estrellasdebetta.github.io/web.archive.org/web/20170803235147/http_/estrellasdebetta.com/servicios/indexd7bd.html]
[estrellasdebetta.github.io/web.archive.org/web/20170803235147im_/http_/estrellasdebetta.com/wp-content/uploads/2015/06/arte-300x300.png]
[estrellasdebetta.github.io/web.archive.org/web/20170803235147/http_/estrellasdebetta.com/servicios/index77f2.html]
[estrellasdebetta.github.io/web.archive.org/web/20161224140236im_/http_/estrellasdebetta.com/wp-content/uploads/2015/06/planets_of_the_solar_system_-300x300.jpg]
[estrellasdebetta.github.io/web.archive.org/web/20170803235147/http_/estrellasdebetta.com/servicios/index1ee0.html]
[estrellasdebetta.github.io/web.archive.org/web/20190719122753/http_/estrellasdebetta.com/wp-content/uploads/2015/06/Cupido.png]
[estrellasdebetta.github.io/web.archive.org/web/20170803235147/http_/estrellasdebetta.com/servicios/indexf705.html]
[estrellasdebetta.github.io/web.archive.org/web/20170803235147im_/http_/estrellasdebetta.com/wp-content/uploads/2015/06/Cupido-400x400.png]
[estrellasdebetta.github.io/web.archive.org/web/20190719122750/http_/estrellasdebetta.com/wp-content/uploads/2015/06/16229527_1244061545680832_1238374438_o.jpg]
[estrellasdebetta.github.io/web.archive.org/web/20170803235147im_/http_/estrellasdebetta.com/wp-content/uploads/2015/06/16229527_1244061545680832_1238374438_o-180x180.jpg]
[estrellasdebetta.github.io/web.archive.org/web/20190719213911/http_/estrellasdebetta.com/wp-content/uploads/2015/06/16251180_1244061305680856_1821734327_o.jpg]
[estrellasdebetta.github.io/web.archive.org/web/20170803235147im_/http_/estrellasdebetta.com/wp-content/uploads/2015/06/16251180_1244061305680856_1821734327_o-180x180.jpg]
[estrellasdebetta.github.io/web.archive.org/web/20170803235147im_/http_/estrellasdebetta.com/wp-content/uploads/2015/06/Cupido-180x180.png]
[estrellasdebetta.github.io/web.archive.org/web/20161224140226im_/http_/estrellasdebetta.com/wp-content/uploads/2015/10/Botellitas-todas-300x300.jpg]
[estrellasdebetta.github.io/web.archive.org/web/20161224161104im_/http_/estrellasdebetta.com/wp-content/uploads/2015/10/Botellita_Cuarzo-rosa-300x300.jpg]
[estrellasdebetta.github.io/web.archive.org/web/20161224161315im_/http_/estrellasdebetta.com/wp-content/uploads/2015/06/planets_of_the_solar_system_.jpg]
[estrellasdebetta.github.io/web.archive.org/web/20161224134924im_/http_/estrellasdebetta.com/wp-content/uploads/2015/06/picinelli-3.jpg]
[estrellasdebetta.github.io/web.archive.org/web/20170803235147js_/http_/estrellasdebetta.com/wp-content/plugins/woocommerce/assets/js/frontend/single-product.min8d18.js]
[estrellasdebetta.github.io/web.archive.org/web/20170803235147js_/http_/estrellasdebetta.com/wp-includes/js/wp-embed.minef15.js]
[estrellasdebetta.github.io/web.archive.org/web/20161223122508js_/http_/estrellasdebetta.com/wp-includes/js/jquery/ui/core.mine899.js]
[estrellasdebetta.github.io/web.archive.org/web/20161223202821js_/http_/estrellasdebetta.com/wp-includes/js/jquery/ui/widget.mine899.js]
[estrellasdebetta.github.io/web.archive.org/web/20161224103844js_/http_/estrellasdebetta.com/wp-includes/js/jquery/ui/tabs.mine899.js]
[estrellasdebetta.github.io/web.archive.org/web/20161224112947js_/http_/estrellasdebetta.com/wp-content/themes/dt-the7/wpbakery/js_composer/assets/lib/jquery-ui-tabs-rotate/jquery-ui-tabs-rotatec1ca.js]
[estrellasdebetta.github.io/web.archive.org/web/20170803235147/http_/estrellasdebetta.com/servicios/index.html]
[estrellasdebetta.github.io/web.archive.org/web/20170803235141/http_/estrellasdebetta.com/preguntas-mas-frecuentes/GET]
[estrellasdebetta.github.io/web.archive.org/web/20170803235141cs_/http_/estrellasdebetta.com/wp-content/themes/dt-the7/js/plugins/validator/validationEngine.jqueryef15.css]
[estrellasdebetta.github.io/web.archive.org/web/20170803235141cs_/http_/estrellasdebetta.com/wp-content/plugins/pricing-table/css/site/tipTipef15.css]
[estrellasdebetta.github.io/web.archive.org/web/20170803235141cs_/http_/estrellasdebetta.com/wp-content/themes/dt-the7/css/normalizeef15.css]
[estrellasdebetta.github.io/web.archive.org/web/20170803235141cs_/http_/estrellasdebetta.com/wp-content/themes/dt-the7/css/wireframeef15.css]
[estrellasdebetta.github.io/web.archive.org/web/20170803235141cs_/http_/estrellasdebetta.com/wp-content/themes/dt-the7/css/mainef15.css]
[estrellasdebetta.github.io/web.archive.org/web/20170803235141cs_/http_/estrellasdebetta.com/wp-content/themes/dt-the7/css/mediaef15.css]
[estrellasdebetta.github.io/web.archive.org/web/20170803235141cs_/http_/estrellasdebetta.com/wp-content/uploads/wp-less/dt-the7/css/custom-f091ff0521ef15.css]
[estrellasdebetta.github.io/web.archive.org/web/20170803235141cs_/http_/estrellasdebetta.com/wp-content/themes/dt-the7/royalslider/royalslideref15.css]
[estrellasdebetta.github.io/web.archive.org/web/20170803235141cs_/http_/estrellasdebetta.com/wp-content/themes/dt-the7/js/plugins/pretty-photo/css/prettyPhotoef15.css]
[estrellasdebetta.github.io/web.archive.org/web/20170803235141cs_/http_/estrellasdebetta.com/wp-content/themes/dt-the7-child/styleef15.css]
[estrellasdebetta.github.io/web.archive.org/web/20170803235141js_/http_/estrellasdebetta.com/wp-content/plugins/pricing-table/js/site/iconef15.js]
[estrellasdebetta.github.io/web.archive.org/web/20170803235141js_/http_/estrellasdebetta.com/wp-content/plugins/pricing-table/js/site/jquery.tipTip.minifiedef15.js]
[estrellasdebetta.github.io/web.archive.org/web/20170803235141js_/http_/estrellasdebetta.com/wp-content/themes/dt-the7/js/modernizref15.js]
[estrellasdebetta.github.io/web.archive.org/web/20170803235141js_/http_/estrellasdebetta.com/wp-includes/js/wp-embed.minef15.js]
[estrellasdebetta.github.io/web.archive.org/web/20170803235141/http_/estrellasdebetta.com/preguntas-mas-frecuentes/index.html]
[estrellasdebetta.github.io/web.archive.org/web/20161223173403js_/http_/estrellasdebetta.com/wp-includes/js/jquery/ui/accordion.mine899.js]
[estrellasdebetta.github.io/web.archive.org/web/20170803235052/http_/estrellasdebetta.com/contacto/GET.1ce.delayed]
[estrellasdebetta.github.io/web.archive.org/web/20170803235050/https_/www.google-analytics.com/analytics.js]
[estrellasdebetta.github.io/web.archive.org/web/20170803235052cs_/http_/estrellasdebetta.com/wp-content/themes/dt-the7/js/plugins/validator/validationEngine.jqueryef15.css]
[estrellasdebetta.github.io/web.archive.org/web/20170803235052cs_/http_/estrellasdebetta.com/wp-content/plugins/pricing-table/css/site/tipTipef15.css]
[estrellasdebetta.github.io/web.archive.org/web/20170803235052cs_/http_/estrellasdebetta.com/wp-content/themes/dt-the7/css/normalizeef15.css]
[estrellasdebetta.github.io/web.archive.org/web/20170803235052cs_/http_/estrellasdebetta.com/wp-content/themes/dt-the7/css/wireframeef15.css]
[estrellasdebetta.github.io/web.archive.org/web/20170803235052cs_/http_/estrellasdebetta.com/wp-content/themes/dt-the7/css/mainef15.css]
[estrellasdebetta.github.io/web.archive.org/web/20170803235052cs_/http_/estrellasdebetta.com/wp-content/themes/dt-the7/css/mediaef15.css]
[estrellasdebetta.github.io/web.archive.org/web/20170803235052cs_/http_/estrellasdebetta.com/wp-content/uploads/wp-less/dt-the7/css/custom-f091ff0521ef15.css]
[estrellasdebetta.github.io/web.archive.org/web/20170803235052cs_/http_/estrellasdebetta.com/wp-content/themes/dt-the7/royalslider/royalslideref15.css]
[estrellasdebetta.github.io/web.archive.org/web/20170803235052cs_/http_/estrellasdebetta.com/wp-content/themes/dt-the7/js/plugins/pretty-photo/css/prettyPhotoef15.css]
[estrellasdebetta.github.io/web.archive.org/web/20170803235052cs_/http_/estrellasdebetta.com/wp-content/themes/dt-the7-child/styleef15.css]
[estrellasdebetta.github.io/web.archive.org/web/20170803235052js_/http_/estrellasdebetta.com/wp-content/plugins/pricing-table/js/site/iconef15.js]
[estrellasdebetta.github.io/web.archive.org/web/20170803235052js_/http_/estrellasdebetta.com/wp-content/plugins/pricing-table/js/site/jquery.tipTip.minifiedef15.js]
[estrellasdebetta.github.io/web.archive.org/web/20170803235052js_/http_/estrellasdebetta.com/wp-content/themes/dt-the7/js/modernizref15.js]
[estrellasdebetta.github.io/web.archive.org/web/20170803235052js_/http_/estrellasdebetta.com/wp-includes/js/wp-embed.minef15.js]
[estrellasdebetta.github.io/web.archive.org/web/20170803235052/http_/estrellasdebetta.com/contacto/index.html]
[estrellasdebetta.github.io/web.archive.org/web/20170803235045/http_/estrellasdebetta.com/cart/GET]
[estrellasdebetta.github.io/web.archive.org/web/20170803235045cs_/http_/estrellasdebetta.com/wp-content/themes/dt-the7/js/plugins/validator/validationEngine.jqueryef15.css]
[estrellasdebetta.github.io/web.archive.org/web/20170803235045cs_/http_/estrellasdebetta.com/wp-content/plugins/pricing-table/css/site/tipTipef15.css]
[estrellasdebetta.github.io/web.archive.org/web/20170803235045cs_/http_/estrellasdebetta.com/wp-content/themes/dt-the7/css/normalizeef15.css]
[estrellasdebetta.github.io/web.archive.org/web/20170803235045cs_/http_/estrellasdebetta.com/wp-content/themes/dt-the7/css/wireframeef15.css]
[estrellasdebetta.github.io/web.archive.org/web/20170803235045cs_/http_/estrellasdebetta.com/wp-content/themes/dt-the7/css/mainef15.css]
[estrellasdebetta.github.io/web.archive.org/web/20170803235045cs_/http_/estrellasdebetta.com/wp-content/themes/dt-the7/css/mediaef15.css]
[estrellasdebetta.github.io/web.archive.org/web/20170803235045cs_/http_/estrellasdebetta.com/wp-content/uploads/wp-less/dt-the7/css/custom-f091ff0521ef15.css]
[estrellasdebetta.github.io/web.archive.org/web/20170803235045cs_/http_/estrellasdebetta.com/wp-content/themes/dt-the7/royalslider/royalslideref15.css]
[estrellasdebetta.github.io/web.archive.org/web/20170803235045cs_/http_/estrellasdebetta.com/wp-content/themes/dt-the7/js/plugins/pretty-photo/css/prettyPhotoef15.css]
[estrellasdebetta.github.io/web.archive.org/web/20170803235045cs_/http_/estrellasdebetta.com/wp-content/themes/dt-the7-child/styleef15.css]
[estrellasdebetta.github.io/web.archive.org/web/20170803235045js_/http_/estrellasdebetta.com/wp-content/plugins/pricing-table/js/site/iconef15.js]
[estrellasdebetta.github.io/web.archive.org/web/20170803235045js_/http_/estrellasdebetta.com/wp-content/plugins/pricing-table/js/site/jquery.tipTip.minifiedef15.js]
[estrellasdebetta.github.io/web.archive.org/web/20170803235045js_/http_/estrellasdebetta.com/wp-content/themes/dt-the7/js/modernizref15.js]
[estrellasdebetta.github.io/web.archive.org/web/20170803235045js_/http_/estrellasdebetta.com/wp-content/plugins/woocommerce/assets/js/frontend/country-select.min8d18.js]
[estrellasdebetta.github.io/web.archive.org/web/20170803235045js_/http_/estrellasdebetta.com/wp-content/plugins/woocommerce/assets/js/frontend/address-i18n.min8d18.js]
[estrellasdebetta.github.io/web.archive.org/web/20170803235045js_/http_/estrellasdebetta.com/wp-content/plugins/woocommerce/assets/js/frontend/cart.min8d18.js]
[estrellasdebetta.github.io/web.archive.org/web/20170803235045js_/http_/estrellasdebetta.com/wp-includes/js/wp-embed.minef15.js]
[estrellasdebetta.github.io/web.archive.org/web/20170803235045/http_/estrellasdebetta.com/cart/index.html]
[estrellasdebetta.github.io/web.archive.org/web/20170804024247/http_/estrellasdebetta.com/my-account/index.html]
[estrellasdebetta.github.io/web.archive.org/web/20170804024247/http_/estrellasdebetta.com/2016/01/24/piscis-21/index.html]
[estrellasdebetta.github.io/web.archive.org/web/20170804024247/http_/estrellasdebetta.com/2016/01/24/acuario-22/index.html]
[estrellasdebetta.github.io/web.archive.org/web/20170804024247/http_/estrellasdebetta.com/2016/01/24/capricornio-22/index.html]
[estrellasdebetta.github.io/web.archive.org/web/20170804024247/http_/estrellasdebetta.com/2016/01/24/sagitario-22/index.html]
[estrellasdebetta.github.io/web.archive.org/web/20170804024247/http_/estrellasdebetta.com/2016/01/24/escorpio-22/index.html]
[estrellasdebetta.github.io/web.archive.org/web/20170804024247/http_/estrellasdebetta.com/2016/01/24/libra-22/index.html]
[estrellasdebetta.github.io/web.archive.org/web/20170804024247/http_/estrellasdebetta.com/2016/01/24/virgo-22/index.html]
[estrellasdebetta.github.io/web.archive.org/web/20170804024247/http_/estrellasdebetta.com/2016/01/24/leo-22/index.html]
[estrellasdebetta.github.io/web.archive.org/web/20170804024247/http_/estrellasdebetta.com/2016/01/24/cancer-22/index.html]
[estrellasdebetta.github.io/web.archive.org/web/20170804024247/http_/estrellasdebetta.com/2016/01/24/geminis-21/index.html]
[estrellasdebetta.github.io/web.archive.org/web/20170804024247/http_/estrellasdebetta.com/2016/01/24/tauro-22/index.html]
[estrellasdebetta.github.io/web.archive.org/web/20170804024247/http_/estrellasdebetta.com/2016/01/24/aries-22/index.html]
[web.archive.org/_static/css/banner-styles52e6.css]
[web.archive.org/_static/css/iconochive8307.css]
[estrellasdebetta.github.io/web.archive.org/web/20170914025252/http_/estrellasdebetta.com/GET.html]
[estrellasdebetta.github.io/web.archive.org/web/20170914025252/http_/estrellasdebetta.com/wp-content/themes/dt-the7/set-cookiee0f5.html]
[estrellasdebetta.github.io/web.archive.org/web/20170914025252/http_/estrellasdebetta.com/feed/index.html]
[estrellasdebetta.github.io/web.archive.org/web/20170914025252/http_/estrellasdebetta.com/comments/feed/index.html]
[estrellasdebetta.github.io/web.archive.org/web/20171002180443cs_/http_/estrellasdebetta.com/wp-content/themes/dt-the7/js/plugins/validator/validationEngine.jquerya288.css]
[estrellasdebetta.github.io/web.archive.org/web/20171002180341cs_/http_/estrellasdebetta.com/wp-content/plugins/pricing-table/css/site/tipTipa288.css]
[web.archive.org/_static/css/record.css]
[estrellasdebetta.github.io/web.archive.org/web/20171022102414im_/http_/estrellasdebetta.com/wp-content/plugins/recent-tweets-widget/assets/tweet.png]
[estrellasdebetta.github.io/web.archive.org/web/20171002182156cs_/http_/estrellasdebetta.com/wp-content/plugins/recent-tweets-widget/tp_twitter_plugin5152.css]
[estrellasdebetta.github.io/web.archive.org/web/20171022101006im_/http_/estrellasdebetta.com/wp-content/plugins/revslider/public/assets/assets/gridtile.png]
[estrellasdebetta.github.io/web.archive.org/web/20171022094612im_/http_/estrellasdebetta.com/wp-content/plugins/revslider/public/assets/assets/gridtile_white.png]
[estrellasdebetta.github.io/web.archive.org/web/20171022095610im_/http_/estrellasdebetta.com/wp-content/plugins/revslider/public/assets/assets/gridtile_3x3.png]
[estrellasdebetta.github.io/web.archive.org/web/20171022100232im_/http_/estrellasdebetta.com/wp-content/plugins/revslider/public/assets/assets/gridtile_3x3_white.png]
[estrellasdebetta.github.io/web.archive.org/web/20171022104317im_/http_/estrellasdebetta.com/wp-content/plugins/revslider/public/assets/assets/coloredbg.png]
[estrellasdebetta.github.io/web.archive.org/web/20171022101420im_/http_/estrellasdebetta.com/wp-content/plugins/revslider/public/assets/assets/loader.gif]
[estrellasdebetta.github.io/web.archive.org/web/20171002180031cs_/http_/estrellasdebetta.com/wp-content/plugins/revslider/public/assets/css/settings5223.css]
[estrellasdebetta.github.io/web.archive.org/web/20171002180752cs_/http_/estrellasdebetta.com/wp-content/plugins/woocommerce/assets/css/woocommerce-layout0226.css]
[estrellasdebetta.github.io/web.archive.org/web/20171002175528cs_/http_/estrellasdebetta.com/wp-content/plugins/woocommerce/assets/css/woocommerce-smallscreen0226.css]
[estrellasdebetta.github.io/web.archive.org/web/20171002182037cs_/http_/estrellasdebetta.com/wp-content/plugins/woocommerce/assets/css/woocommerce0226.css]
[estrellasdebetta.github.io/web.archive.org/web/20171002180204cs_/http_/estrellasdebetta.com/wp-content/themes/dt-the7/css/normalizea288.css]
[estrellasdebetta.github.io/web.archive.org/web/20171002180246cs_/http_/estrellasdebetta.com/wp-content/themes/dt-the7/css/wireframea288.css]
[estrellasdebetta.github.io/web.archive.org/web/20171022094716im_/http_/estrellasdebetta.com/wp-content/themes/dt-the7/images/soc-ico-old.png]
[estrellasdebetta.github.io/web.archive.org/web/20171022102808im_/http_/estrellasdebetta.com/wp-content/themes/dt-the7/images/skill-bg.png]
[estrellasdebetta.github.io/web.archive.org/web/20171022101311im_/http_/estrellasdebetta.com/wp-content/themes/dt-the7/images/preloader.gif]
[estrellasdebetta.github.io/web.archive.org/web/20171022100714im_/http_/estrellasdebetta.com/wp-content/themes/dt-the7/images/old-ie.png]
[estrellasdebetta.github.io/web.archive.org/web/20171002182635cs_/http_/estrellasdebetta.com/wp-content/themes/dt-the7/css/maina288.css]
[estrellasdebetta.github.io/web.archive.org/web/20171002180041cs_/http_/estrellasdebetta.com/wp-content/themes/dt-the7/css/mediaa288.css]
[estrellasdebetta.github.io/web.archive.org/web/20171022094806im_/http_/estrellasdebetta.com/wp-content/themes/dt-the7/inc/presets/images/full/skin1.general-boxed-bg-image.jpg]
[estrellasdebetta.github.io/web.archive.org/web/20171022094641im_/http_/estrellasdebetta.com/wp-content/uploads/2015/07/desenfocados31.png]
[estrellasdebetta.github.io/web.archive.org/web/20171002181209cs_/http_/estrellasdebetta.com/wp-content/uploads/wp-less/dt-the7/css/custom-f091ff0521a288.css]
[estrellasdebetta.github.io/web.archive.org/web/20171022094149im_/http_/estrellasdebetta.com/wp-content/themes/dt-the7/royalslider/grab.png]
[estrellasdebetta.github.io/web.archive.org/web/20171022094744im_/http_/estrellasdebetta.com/wp-content/themes/dt-the7/royalslider/grabbing.png]
[estrellasdebetta.github.io/web.archive.org/web/20171022094626im_/http_/estrellasdebetta.com/wp-content/themes/dt-the7/royalslider/blank.gif]
[estrellasdebetta.github.io/web.archive.org/web/20171022095632im_/http_/estrellasdebetta.com/wp-content/themes/dt-the7/royalslider/video-ico.png]
[estrellasdebetta.github.io/web.archive.org/web/20171022100247im_/http_/estrellasdebetta.com/wp-content/themes/dt-the7/royalslider/preloaders/preloader-home.gif]
[estrellasdebetta.github.io/web.archive.org/web/20171022093946im_/http_/estrellasdebetta.com/wp-content/themes/dt-the7/royalslider/preloaders/loader.gif]
[estrellasdebetta.github.io/web.archive.org/web/20171002182630cs_/http_/estrellasdebetta.com/wp-content/themes/dt-the7/royalslider/royalslidera288.css]
[estrellasdebetta.github.io/web.archive.org/web/20171002175847im_/http_/estrellasdebetta.com/wp-content/themes/dt-the7/js/plugins/pretty-photo/css/prettyPhotoa288.css]
[estrellasdebetta.github.io/web.archive.org/web/20171022102411im_/http_/estrellasdebetta.com/wp-content/themes/dt-the7/js/plugins/pretty-photo/images/prettyPhoto/dream-theme/loader.gif]
[estrellasdebetta.github.io/web.archive.org/web/20171022103318im_/http_/estrellasdebetta.com/wp-content/themes/dt-the7/js/plugins/pretty-photo/images/prettyPhoto/dream-theme/old-ie.png]
[estrellasdebetta.github.io/web.archive.org/web/20171002175847cs_/http_/estrellasdebetta.com/wp-content/themes/dt-the7/js/plugins/pretty-photo/css/prettyPhotoa288.css]
[estrellasdebetta.github.io/web.archive.org/web/20171002175806cs_/http_/estrellasdebetta.com/wp-content/themes/dt-the7-child/stylea288.css]
[estrellasdebetta.github.io/web.archive.org/web/20170914025252/http_/estrellasdebetta.com/wp-content/plugins/pricing-table/index.html]
[estrellasdebetta.github.io/web.archive.org/web/20170914025252/http_/estrellasdebetta.com/index2a34.html]
[estrellasdebetta.github.io/web.archive.org/web/20170914025252/http_/estrellasdebetta.com/cart/index.html]
[estrellasdebetta.github.io/web.archive.org/web/20170914025252/http_/estrellasdebetta.com/bio/index.html]
[estrellasdebetta.github.io/web.archive.org/web/20170914025252/http_/estrellasdebetta.com/blog/index.html]
[estrellasdebetta.github.io/web.archive.org/web/20170914025252/http_/estrellasdebetta.com/horoscopo/index.html]
[estrellasdebetta.github.io/web.archive.org/web/20170914025252/http_/estrellasdebetta.com/servicios/index.html]
[estrellasdebetta.github.io/web.archive.org/web/20170914025252/http_/estrellasdebetta.com/preguntas-mas-frecuentes/index.html]
[estrellasdebetta.github.io/web.archive.org/web/20170914025252/http_/estrellasdebetta.com/contacto/index.html]
[estrellasdebetta.github.io/web.archive.org/web/20170914025252/http_/estrellasdebetta.com/2017/08/14/esta-semana-otra-sorpresa/index.html]
[estrellasdebetta.github.io/web.archive.org/web/20170914024323/http_/connect.facebook.net/es_LA/sdk.js]
[estrellasdebetta.github.io/web.archive.org/web/20170914025252/http_/estrellasdebetta.com/my-account/index.html]
[estrellasdebetta.github.io/web.archive.org/web/20171022095007cs_/http_/estrellasdebetta.com/wp-content/themes/dt-the7/style.css]
[estrellasdebetta.github.io/web.archive.org/web/20171022100754im_/http_/estrellasdebetta.com/wp-content/themes/dt-the7/wpbakery/js_composer/assets/images/toggle_open.png]
[estrellasdebetta.github.io/web.archive.org/web/20171022102829im_/http_/estrellasdebetta.com/wp-content/themes/dt-the7/wpbakery/js_composer/assets/images/toggle_close.png]
[estrellasdebetta.github.io/web.archive.org/web/20170914025252/http_/estrellasdebetta.com/ABCDEFGHIJKLMNOPQRSTUVWXYZabcdefghijklmnopqrstuvwxyz0123456789+/index.html]
[estrellasdebetta.github.io/web.archive.org/web/20171022103307im_/http_/estrellasdebetta.com/wp-content/themes/dt-the7/wpbakery/js_composer/assets/images/icons/address-book.png]
[estrellasdebetta.github.io/web.archive.org/web/20171022102745im_/http_/estrellasdebetta.com/wp-content/themes/dt-the7/wpbakery/js_composer/assets/images/icons/alarm-clock.png]
[estrellasdebetta.github.io/web.archive.org/web/20171022102757im_/http_/estrellasdebetta.com/wp-content/themes/dt-the7/wpbakery/js_composer/assets/images/icons/anchor.png]
[estrellasdebetta.github.io/web.archive.org/web/20171022100145im_/http_/estrellasdebetta.com/wp-content/themes/dt-the7/wpbakery/js_composer/assets/images/icons/application-image.png]
[estrellasdebetta.github.io/web.archive.org/web/20171022103314im_/http_/estrellasdebetta.com/wp-content/themes/dt-the7/wpbakery/js_composer/assets/images/icons/arrow.png]
[estrellasdebetta.github.io/web.archive.org/web/20171022095841im_/http_/estrellasdebetta.com/wp-content/themes/dt-the7/wpbakery/js_composer/assets/images/icons/asterisk.png]
[estrellasdebetta.github.io/web.archive.org/web/20171022102427im_/http_/estrellasdebetta.com/wp-content/themes/dt-the7/wpbakery/js_composer/assets/images/icons/auction-hammer.png]
[estrellasdebetta.github.io/web.archive.org/web/20171022095308im_/http_/estrellasdebetta.com/wp-content/themes/dt-the7/wpbakery/js_composer/assets/images/icons/balloon.png]
[estrellasdebetta.github.io/web.archive.org/web/20171022103409im_/http_/estrellasdebetta.com/wp-content/themes/dt-the7/wpbakery/js_composer/assets/images/icons/balloon-buzz.png]
[estrellasdebetta.github.io/web.archive.org/web/20171022103406im_/http_/estrellasdebetta.com/wp-content/themes/dt-the7/wpbakery/js_composer/assets/images/icons/balloon-facebook.png]
[estrellasdebetta.github.io/web.archive.org/web/20171022100108im_/http_/estrellasdebetta.com/wp-content/themes/dt-the7/wpbakery/js_composer/assets/images/icons/balloon-twitter.png]
[estrellasdebetta.github.io/web.archive.org/web/20171022095828im_/http_/estrellasdebetta.com/wp-content/themes/dt-the7/wpbakery/js_composer/assets/images/icons/battery-full.png]
[estrellasdebetta.github.io/web.archive.org/web/20171022103825im_/http_/estrellasdebetta.com/wp-content/themes/dt-the7/wpbakery/js_composer/assets/images/icons/binocular.png]
[estrellasdebetta.github.io/web.archive.org/web/20171022103838im_/http_/estrellasdebetta.com/wp-content/themes/dt-the7/wpbakery/js_composer/assets/images/icons/blue-document-excel.png]
[estrellasdebetta.github.io/web.archive.org/web/20171022101718im_/http_/estrellasdebetta.com/wp-content/themes/dt-the7/wpbakery/js_composer/assets/images/icons/blue-document-image.png]
[estrellasdebetta.github.io/web.archive.org/web/20171022100204im_/http_/estrellasdebetta.com/wp-content/themes/dt-the7/wpbakery/js_composer/assets/images/icons/blue-document-music.png]
[estrellasdebetta.github.io/web.archive.org/web/20171022103046im_/http_/estrellasdebetta.com/wp-content/themes/dt-the7/wpbakery/js_composer/assets/images/icons/blue-document-office.png]
[estrellasdebetta.github.io/web.archive.org/web/20171022094649im_/http_/estrellasdebetta.com/wp-content/themes/dt-the7/wpbakery/js_composer/assets/images/icons/blue-document-pdf.png]
[estrellasdebetta.github.io/web.archive.org/web/20171022095819im_/http_/estrellasdebetta.com/wp-content/themes/dt-the7/wpbakery/js_composer/assets/images/icons/blue-document-powerpoint.png]
[estrellasdebetta.github.io/web.archive.org/web/20171022094003im_/http_/estrellasdebetta.com/wp-content/themes/dt-the7/wpbakery/js_composer/assets/images/icons/blue-document-word.png]
[estrellasdebetta.github.io/web.archive.org/web/20171022095124im_/http_/estrellasdebetta.com/wp-content/themes/dt-the7/wpbakery/js_composer/assets/images/icons/bookmark.png]
[estrellasdebetta.github.io/web.archive.org/web/20171022100708im_/http_/estrellasdebetta.com/wp-content/themes/dt-the7/wpbakery/js_composer/assets/images/icons/camcorder.png]
[estrellasdebetta.github.io/web.archive.org/web/20171022095304im_/http_/estrellasdebetta.com/wp-content/themes/dt-the7/wpbakery/js_composer/assets/images/icons/camera.png]
[estrellasdebetta.github.io/web.archive.org/web/20171022101858im_/http_/estrellasdebetta.com/wp-content/themes/dt-the7/wpbakery/js_composer/assets/images/icons/chart.png]
[estrellasdebetta.github.io/web.archive.org/web/20171022100218im_/http_/estrellasdebetta.com/wp-content/themes/dt-the7/wpbakery/js_composer/assets/images/icons/chart-pie.png]
[estrellasdebetta.github.io/web.archive.org/web/20171022100659im_/http_/estrellasdebetta.com/wp-content/themes/dt-the7/wpbakery/js_composer/assets/images/icons/clock.png]
[estrellasdebetta.github.io/web.archive.org/web/20171022103350im_/http_/estrellasdebetta.com/wp-content/themes/dt-the7/wpbakery/js_composer/assets/images/icons/control.png]
[estrellasdebetta.github.io/web.archive.org/web/20171022100502im_/http_/estrellasdebetta.com/wp-content/themes/dt-the7/wpbakery/js_composer/assets/images/icons/fire.png]
[estrellasdebetta.github.io/web.archive.org/web/20171022102954im_/http_/estrellasdebetta.com/wp-content/themes/dt-the7/wpbakery/js_composer/assets/images/icons/heart.png]
[estrellasdebetta.github.io/web.archive.org/web/20171022094314im_/http_/estrellasdebetta.com/wp-content/themes/dt-the7/wpbakery/js_composer/assets/images/icons/mail.png]
[estrellasdebetta.github.io/web.archive.org/web/20171022103626im_/http_/estrellasdebetta.com/wp-content/themes/dt-the7/wpbakery/js_composer/assets/images/icons/plus-shield.png]
[estrellasdebetta.github.io/web.archive.org/web/20171022101409im_/http_/estrellasdebetta.com/wp-content/themes/dt-the7/wpbakery/js_composer/assets/images/icons/video.png]
[estrellasdebetta.github.io/web.archive.org/web/20171022102134im_/http_/estrellasdebetta.com/wp-content/themes/dt-the7/wpbakery/js_composer/assets/images/twitter_bird.png]
[estrellasdebetta.github.io/web.archive.org/web/20171022100445im_/http_/estrellasdebetta.com/wp-content/themes/dt-the7/wpbakery/js_composer/assets/vc/alert.png]
[estrellasdebetta.github.io/web.archive.org/web/20171022095212im_/http_/estrellasdebetta.com/wp-content/themes/dt-the7/wpbakery/js_composer/assets/vc/info.png]
[estrellasdebetta.github.io/web.archive.org/web/20171022100712im_/http_/estrellasdebetta.com/wp-content/themes/dt-the7/wpbakery/js_composer/assets/vc/tick.png]
[estrellasdebetta.github.io/web.archive.org/web/20171022102417im_/http_/estrellasdebetta.com/wp-content/themes/dt-the7/wpbakery/js_composer/assets/vc/exclamation.png]
[estrellasdebetta.github.io/web.archive.org/web/20171022102837im_/http_/estrellasdebetta.com/wp-content/themes/dt-the7/wpbakery/js_composer/assets/images/flickr.png]
[estrellasdebetta.github.io/web.archive.org/web/20171002180818cs_/http_/estrellasdebetta.com/wp-content/themes/dt-the7/wpbakery/js_composer/assets/css/js_composer_frontc1ca.css]
[estrellasdebetta.github.io/web.archive.org/web/20171002180632js_/http_/estrellasdebetta.com/wp-content/plugins/woocommerce-product-price-based-on-countries/assets/js/wcpbc-frontend.min10ef.js]
[analytics.archive.org/0.gif]
[archive.org/includes/analytics2a5b.js]
[estrellasdebetta.github.io/web.archive.org/web/20170804024236/http_/estrellasdebetta.com/bio/GET.html]
[estrellasdebetta.github.io/web.archive.org/web/20170804024236/http_/estrellasdebetta.com/bio/feed/index.html]
[estrellasdebetta.github.io/web.archive.org/web/20181029115735im_/http_/estrellasdebetta.com/wp-content/plugins/contact-form-7/images/ajax-loader.gif]
[estrellasdebetta.github.io/web.archive.org/web/20170815140715cs_/http_/estrellasdebetta.com/wp-content/plugins/contact-form-7/includes/css/styles4906.css]
[estrellasdebetta.github.io/web.archive.org/web/20161224140342im_/http_/estrellasdebetta.com/wp-content/plugins/instagram-feed/img/loader.png]
[estrellasdebetta.github.io/web.archive.org/web/20170814114044cs_/http_/estrellasdebetta.com/wp-content/plugins/instagram-feed/css/sb-instagram.minb493.css]
[estrellasdebetta.github.io/web.archive.org/web/20170804022353cs_/https_/maxcdn.bootstrapcdn.com/font-awesome/4.6.3/css/font-awesome.min4698.css]
[estrellasdebetta.github.io/web.archive.org/web/20170814182906cs_/http_/estrellasdebetta.com/wp-content/plugins/recent-tweets-widget/tp_twitter_plugin5152.css]
[estrellasdebetta.github.io/web.archive.org/web/20170812032118cs_/http_/estrellasdebetta.com/wp-content/plugins/revslider/public/assets/css/settings5223.css]
[estrellasdebetta.github.io/web.archive.org/web/20170815014813cs_/http_/estrellasdebetta.com/wp-content/plugins/woocommerce/assets/css/woocommerce-layout8d18.css]
[estrellasdebetta.github.io/web.archive.org/web/20170814080635cs_/http_/estrellasdebetta.com/wp-content/plugins/woocommerce/assets/css/woocommerce-smallscreen8d18.css]
[estrellasdebetta.github.io/web.archive.org/web/20170813073736cs_/http_/estrellasdebetta.com/wp-content/plugins/woocommerce/assets/css/woocommerce8d18.css]
[estrellasdebetta.github.io/web.archive.org/web/20170804022732/https_/connect.facebook.net/es_LA/sdk.js]
[estrellasdebetta.github.io/web.archive.org/web/20170804024236/http_/estrellasdebetta.com/bio/ABCDEFGHIJKLMNOPQRSTUVWXYZabcdefghijklmnopqrstuvwxyz0123456789+/index.html]
[estrellasdebetta.github.io/web.archive.org/web/20170813034923cs_/http_/estrellasdebetta.com/wp-content/themes/dt-the7/wpbakery/js_composer/assets/css/js_composer_frontc1ca.css]
[estrellasdebetta.github.io/web.archive.org/web/20170703183911/http_/estrellasdebetta.com/blog/GET.html]
[estrellasdebetta.github.io/web.archive.org/web/20170703183911/http_/estrellasdebetta.com/blog/feed/index.html]
[estrellasdebetta.github.io/web.archive.org/web/20170703183911cs_/http_/estrellasdebetta.com/wp-content/themes/dt-the7/js/plugins/validator/validationEngine.jqueryef15.html]
[estrellasdebetta.github.io/web.archive.org/web/20170703184226cs_/https_/maxcdn.bootstrapcdn.com/font-awesome/4.6.3/css/font-awesome.min4698.css]
[estrellasdebetta.github.io/web.archive.org/web/20170703183911cs_/http_/estrellasdebetta.com/wp-content/plugins/pricing-table/css/site/tipTipef15.html]
[estrellasdebetta.github.io/web.archive.org/web/20170703183911cs_/http_/estrellasdebetta.com/wp-content/themes/dt-the7/css/normalizeef15.html]
[estrellasdebetta.github.io/web.archive.org/web/20170703183911cs_/http_/estrellasdebetta.com/wp-content/themes/dt-the7/css/wireframeef15.html]
[estrellasdebetta.github.io/web.archive.org/web/20170703183911cs_/http_/estrellasdebetta.com/wp-content/themes/dt-the7/css/mainef15.html]
[estrellasdebetta.github.io/web.archive.org/web/20170703183911cs_/http_/estrellasdebetta.com/wp-content/themes/dt-the7/css/mediaef15.html]
[estrellasdebetta.github.io/web.archive.org/web/20170703183911cs_/http_/estrellasdebetta.com/wp-content/uploads/wp-less/dt-the7/css/custom-f091ff0521ef15.html]
[estrellasdebetta.github.io/web.archive.org/web/20170703183911cs_/http_/estrellasdebetta.com/wp-content/themes/dt-the7/royalslider/royalslideref15.html]
[estrellasdebetta.github.io/web.archive.org/web/20170703183911cs_/http_/estrellasdebetta.com/wp-content/themes/dt-the7/js/plugins/pretty-photo/css/prettyPhotoef15.html]
[estrellasdebetta.github.io/web.archive.org/web/20170703183911cs_/http_/estrellasdebetta.com/wp-content/themes/dt-the7-child/styleef15.html]
[estrellasdebetta.github.io/web.archive.org/web/20170703183911js_/http_/estrellasdebetta.com/wp-content/plugins/pricing-table/js/site/iconef15.html]
[estrellasdebetta.github.io/web.archive.org/web/20170703183911js_/http_/estrellasdebetta.com/wp-content/plugins/pricing-table/js/site/jquery.tipTip.minifiedef15.html]
[estrellasdebetta.github.io/web.archive.org/web/20170703183911js_/http_/estrellasdebetta.com/wp-content/themes/dt-the7/js/modernizref15.html]
[estrellasdebetta.github.io/web.archive.org/web/20170703183911im_/http_/estrellasdebetta.com/wp-content/uploads/2017/06/Diapositiva1.html]
[estrellasdebetta.github.io/web.archive.org/web/20170703183911im_/http_/estrellasdebetta.com/wp-content/uploads/2017/03/Venus-retro-3.html]
[estrellasdebetta.github.io/web.archive.org/web/20170703183911im_/http_/estrellasdebetta.com/wp-content/uploads/2017/02/febrero.html]
[estrellasdebetta.github.io/web.archive.org/web/20170703183911im_/http_/estrellasdebetta.com/wp-content/uploads/2017/01/Diapositiva2.html]
[estrellasdebetta.github.io/web.archive.org/web/20170703183911im_/http_/estrellasdebetta.com/wp-content/uploads/2016/12/20161220_102046.html]
[estrellasdebetta.github.io/web.archive.org/web/20170703183911/http_/estrellasdebetta.com/wp-content/uploads/2016/12/20161220_102046.html]
[estrellasdebetta.github.io/web.archive.org/web/20170703183911im_/http_/estrellasdebetta.com/wp-content/uploads/2016/12/Vesta.html]
[estrellasdebetta.github.io/web.archive.org/web/20170703183911/http_/estrellasdebetta.com/blog/page/2/index.html]
[estrellasdebetta.github.io/web.archive.org/web/20170703183911/http_/estrellasdebetta.com/blog/page/3/index.html]
[estrellasdebetta.github.io/web.archive.org/web/20170703183911/http_/estrellasdebetta.com/blog/page/4/index.html]
[estrellasdebetta.github.io/web.archive.org/web/20170703183911/http_/estrellasdebetta.com/blog/page/5/index.html]
[estrellasdebetta.github.io/web.archive.org/web/20170703184254/https_/connect.facebook.net/es_LA/sdk.js]
[estrellasdebetta.github.io/web.archive.org/web/20170703183911js_/http_/estrellasdebetta.com/wp-includes/js/wp-embed.minef15.html]
[estrellasdebetta.github.io/web.archive.org/web/20170804024247/http_/estrellasdebetta.com/horoscopo/GET.html]
[estrellasdebetta.github.io/web.archive.org/web/20170804024247/http_/estrellasdebetta.com/horoscopo/feed/index.html]
[estrellasdebetta.github.io/web.archive.org/web/20170803235147/http_/estrellasdebetta.com/servicios/GET.html]
[estrellasdebetta.github.io/web.archive.org/web/20170803235147cs_/http_/estrellasdebetta.com/wp-content/themes/dt-the7/js/plugins/validator/validationEngine.jqueryef15.html]
[estrellasdebetta.github.io/web.archive.org/web/20170803234544cs_/https_/maxcdn.bootstrapcdn.com/font-awesome/4.6.3/css/font-awesome.min4698.css]
[estrellasdebetta.github.io/web.archive.org/web/20170803235147cs_/http_/estrellasdebetta.com/wp-content/plugins/pricing-table/css/site/tipTipef15.html]
[estrellasdebetta.github.io/web.archive.org/web/20170803235147cs_/http_/estrellasdebetta.com/wp-content/themes/dt-the7/css/normalizeef15.html]
[estrellasdebetta.github.io/web.archive.org/web/20170803235147cs_/http_/estrellasdebetta.com/wp-content/themes/dt-the7/css/wireframeef15.html]
[estrellasdebetta.github.io/web.archive.org/web/20170803235147cs_/http_/estrellasdebetta.com/wp-content/themes/dt-the7/css/mainef15.html]
[estrellasdebetta.github.io/web.archive.org/web/20170803235147cs_/http_/estrellasdebetta.com/wp-content/themes/dt-the7/css/mediaef15.html]
[estrellasdebetta.github.io/web.archive.org/web/20170803235147cs_/http_/estrellasdebetta.com/wp-content/uploads/wp-less/dt-the7/css/custom-f091ff0521ef15.html]
[estrellasdebetta.github.io/web.archive.org/web/20170803235147cs_/http_/estrellasdebetta.com/wp-content/themes/dt-the7/royalslider/royalslideref15.html]
[estrellasdebetta.github.io/web.archive.org/web/20170803235147cs_/http_/estrellasdebetta.com/wp-content/themes/dt-the7/js/plugins/pretty-photo/css/prettyPhotoef15.html]
[estrellasdebetta.github.io/web.archive.org/web/20170803235147cs_/http_/estrellasdebetta.com/wp-content/themes/dt-the7-child/styleef15.html]
[estrellasdebetta.github.io/web.archive.org/web/20170803235147js_/http_/estrellasdebetta.com/wp-content/plugins/pricing-table/js/site/iconef15.html]
[estrellasdebetta.github.io/web.archive.org/web/20170803235147js_/http_/estrellasdebetta.com/wp-content/plugins/pricing-table/js/site/jquery.tipTip.minifiedef15.html]
[estrellasdebetta.github.io/web.archive.org/web/20170803235147js_/http_/estrellasdebetta.com/wp-content/themes/dt-the7/js/modernizref15.html]
[estrellasdebetta.github.io/web.archive.org/web/20170803235147/http_/estrellasdebetta.com/servicios/indexe27a.html]
[estrellasdebetta.github.io/web.archive.org/web/20170803235147/http_/estrellasdebetta.com/servicios/indexd7bd.html]
[estrellasdebetta.github.io/web.archive.org/web/20170803235147/http_/estrellasdebetta.com/servicios/index77f2.html]
[estrellasdebetta.github.io/web.archive.org/web/20170803235147im_/http_/estrellasdebetta.com/wp-content/uploads/2015/06/arte-300x300.html]
[estrellasdebetta.github.io/web.archive.org/web/20170803235147/http_/estrellasdebetta.com/servicios/index1ee0.html]
[estrellasdebetta.github.io/web.archive.org/web/20170803235147/http_/estrellasdebetta.com/servicios/indexf705.html]
[estrellasdebetta.github.io/web.archive.org/web/20170803235147im_/http_/estrellasdebetta.com/wp-content/uploads/2015/06/Cupido-400x400.html]
[estrellasdebetta.github.io/web.archive.org/web/20170803235147im_/http_/estrellasdebetta.com/wp-content/uploads/2015/06/16229527_1244061545680832_1238374438_o-180x180.html]
[estrellasdebetta.github.io/web.archive.org/web/20170803235147im_/http_/estrellasdebetta.com/wp-content/uploads/2015/06/16251180_1244061305680856_1821734327_o-180x180.html]
[estrellasdebetta.github.io/web.archive.org/web/20170803235147im_/http_/estrellasdebetta.com/wp-content/uploads/2015/06/Cupido-180x180.html]
[estrellasdebetta.github.io/web.archive.org/web/20170803235147js_/http_/estrellasdebetta.com/wp-content/plugins/woocommerce/assets/js/frontend/single-product.min8d18.html]
[estrellasdebetta.github.io/web.archive.org/web/20170803235147js_/http_/estrellasdebetta.com/wp-includes/js/wp-embed.minef15.html]
[estrellasdebetta.github.io/web.archive.org/web/20170803235141/http_/estrellasdebetta.com/preguntas-mas-frecuentes/GET.html]
[estrellasdebetta.github.io/web.archive.org/web/20170803235141/http_/estrellasdebetta.com/preguntas-mas-frecuentes/feed/index.html]
[estrellasdebetta.github.io/web.archive.org/web/20170803235141cs_/http_/estrellasdebetta.com/wp-content/themes/dt-the7/js/plugins/validator/validationEngine.jqueryef15.html]
[estrellasdebetta.github.io/web.archive.org/web/20170803235141cs_/http_/estrellasdebetta.com/wp-content/plugins/pricing-table/css/site/tipTipef15.html]
[estrellasdebetta.github.io/web.archive.org/web/20170803235141cs_/http_/estrellasdebetta.com/wp-content/themes/dt-the7/css/normalizeef15.html]
[estrellasdebetta.github.io/web.archive.org/web/20170803235141cs_/http_/estrellasdebetta.com/wp-content/themes/dt-the7/css/wireframeef15.html]
[estrellasdebetta.github.io/web.archive.org/web/20170803235141cs_/http_/estrellasdebetta.com/wp-content/themes/dt-the7/css/mainef15.html]
[estrellasdebetta.github.io/web.archive.org/web/20170803235141cs_/http_/estrellasdebetta.com/wp-content/themes/dt-the7/css/mediaef15.html]
[estrellasdebetta.github.io/web.archive.org/web/20170803235141cs_/http_/estrellasdebetta.com/wp-content/uploads/wp-less/dt-the7/css/custom-f091ff0521ef15.html]
[estrellasdebetta.github.io/web.archive.org/web/20170803235141cs_/http_/estrellasdebetta.com/wp-content/themes/dt-the7/royalslider/royalslideref15.html]
[estrellasdebetta.github.io/web.archive.org/web/20170803235141cs_/http_/estrellasdebetta.com/wp-content/themes/dt-the7/js/plugins/pretty-photo/css/prettyPhotoef15.html]
[estrellasdebetta.github.io/web.archive.org/web/20170803235141cs_/http_/estrellasdebetta.com/wp-content/themes/dt-the7-child/styleef15.html]
[estrellasdebetta.github.io/web.archive.org/web/20170803235141js_/http_/estrellasdebetta.com/wp-content/plugins/pricing-table/js/site/iconef15.html]
[estrellasdebetta.github.io/web.archive.org/web/20170803235141js_/http_/estrellasdebetta.com/wp-content/plugins/pricing-table/js/site/jquery.tipTip.minifiedef15.html]
[estrellasdebetta.github.io/web.archive.org/web/20170803235141js_/http_/estrellasdebetta.com/wp-content/themes/dt-the7/js/modernizref15.html]
[estrellasdebetta.github.io/web.archive.org/web/20170803225345/https_/connect.facebook.net/es_LA/sdk.js]
[estrellasdebetta.github.io/web.archive.org/web/20170803235141js_/http_/estrellasdebetta.com/wp-includes/js/wp-embed.minef15.html]
[estrellasdebetta.github.io/web.archive.org/web/20170803235052/http_/estrellasdebetta.com/contacto/GET.html]
[estrellasdebetta.github.io/web.archive.org/web/20170803235052cs_/http_/estrellasdebetta.com/wp-content/themes/dt-the7/js/plugins/validator/validationEngine.jqueryef15.html]
[estrellasdebetta.github.io/web.archive.org/web/20170803235052cs_/http_/estrellasdebetta.com/wp-content/plugins/pricing-table/css/site/tipTipef15.html]
[estrellasdebetta.github.io/web.archive.org/web/20170803235052cs_/http_/estrellasdebetta.com/wp-content/themes/dt-the7/css/normalizeef15.html]
[estrellasdebetta.github.io/web.archive.org/web/20170803235052cs_/http_/estrellasdebetta.com/wp-content/themes/dt-the7/css/wireframeef15.html]
[estrellasdebetta.github.io/web.archive.org/web/20170803235052cs_/http_/estrellasdebetta.com/wp-content/themes/dt-the7/css/mainef15.html]
[estrellasdebetta.github.io/web.archive.org/web/20170803235052cs_/http_/estrellasdebetta.com/wp-content/themes/dt-the7/css/mediaef15.html]
[estrellasdebetta.github.io/web.archive.org/web/20170803235052cs_/http_/estrellasdebetta.com/wp-content/uploads/wp-less/dt-the7/css/custom-f091ff0521ef15.html]
[estrellasdebetta.github.io/web.archive.org/web/20170803235052cs_/http_/estrellasdebetta.com/wp-content/themes/dt-the7/royalslider/royalslideref15.html]
[estrellasdebetta.github.io/web.archive.org/web/20170803235052cs_/http_/estrellasdebetta.com/wp-content/themes/dt-the7/js/plugins/pretty-photo/css/prettyPhotoef15.html]
[estrellasdebetta.github.io/web.archive.org/web/20170803235052cs_/http_/estrellasdebetta.com/wp-content/themes/dt-the7-child/styleef15.html]
[estrellasdebetta.github.io/web.archive.org/web/20170803235052js_/http_/estrellasdebetta.com/wp-content/plugins/pricing-table/js/site/iconef15.html]
[estrellasdebetta.github.io/web.archive.org/web/20170803235052js_/http_/estrellasdebetta.com/wp-content/plugins/pricing-table/js/site/jquery.tipTip.minifiedef15.html]
[estrellasdebetta.github.io/web.archive.org/web/20170803235052js_/http_/estrellasdebetta.com/wp-content/themes/dt-the7/js/modernizref15.html]
[estrellasdebetta.github.io/web.archive.org/web/20170803235052js_/http_/estrellasdebetta.com/wp-includes/js/wp-embed.minef15.html]
[estrellasdebetta.github.io/web.archive.org/web/20170803235045/http_/estrellasdebetta.com/cart/GET.html]
[estrellasdebetta.github.io/web.archive.org/web/20170803235045/http_/estrellasdebetta.com/cart/feed/index.html]
[estrellasdebetta.github.io/web.archive.org/web/20170803235045cs_/http_/estrellasdebetta.com/wp-content/themes/dt-the7/js/plugins/validator/validationEngine.jqueryef15.html]
[estrellasdebetta.github.io/web.archive.org/web/20170803235045cs_/http_/estrellasdebetta.com/wp-content/plugins/pricing-table/css/site/tipTipef15.html]
[estrellasdebetta.github.io/web.archive.org/web/20170803235045cs_/http_/estrellasdebetta.com/wp-content/themes/dt-the7/css/normalizeef15.html]
[estrellasdebetta.github.io/web.archive.org/web/20170803235045cs_/http_/estrellasdebetta.com/wp-content/themes/dt-the7/css/wireframeef15.html]
[estrellasdebetta.github.io/web.archive.org/web/20170803235045cs_/http_/estrellasdebetta.com/wp-content/themes/dt-the7/css/mainef15.html]
[estrellasdebetta.github.io/web.archive.org/web/20170803235045cs_/http_/estrellasdebetta.com/wp-content/themes/dt-the7/css/mediaef15.html]
[estrellasdebetta.github.io/web.archive.org/web/20170803235045cs_/http_/estrellasdebetta.com/wp-content/uploads/wp-less/dt-the7/css/custom-f091ff0521ef15.html]
[estrellasdebetta.github.io/web.archive.org/web/20170803235045cs_/http_/estrellasdebetta.com/wp-content/themes/dt-the7/royalslider/royalslideref15.html]
[estrellasdebetta.github.io/web.archive.org/web/20170803235045cs_/http_/estrellasdebetta.com/wp-content/themes/dt-the7/js/plugins/pretty-photo/css/prettyPhotoef15.html]
[estrellasdebetta.github.io/web.archive.org/web/20170803235045cs_/http_/estrellasdebetta.com/wp-content/themes/dt-the7-child/styleef15.html]
[estrellasdebetta.github.io/web.archive.org/web/20170803235045js_/http_/estrellasdebetta.com/wp-content/plugins/pricing-table/js/site/iconef15.html]
[estrellasdebetta.github.io/web.archive.org/web/20170803235045js_/http_/estrellasdebetta.com/wp-content/plugins/pricing-table/js/site/jquery.tipTip.minifiedef15.html]
[estrellasdebetta.github.io/web.archive.org/web/20170803235045js_/http_/estrellasdebetta.com/wp-content/themes/dt-the7/js/modernizref15.html]
[estrellasdebetta.github.io/web.archive.org/web/20170803235045js_/http_/estrellasdebetta.com/wp-content/plugins/woocommerce/assets/js/frontend/country-select.min8d18.html]
[estrellasdebetta.github.io/web.archive.org/web/20170803235045js_/http_/estrellasdebetta.com/wp-content/plugins/woocommerce/assets/js/frontend/address-i18n.min8d18.html]
[estrellasdebetta.github.io/web.archive.org/web/20170803235045js_/http_/estrellasdebetta.com/wp-content/plugins/woocommerce/assets/js/frontend/cart.min8d18.html]
[estrellasdebetta.github.io/web.archive.org/web/20170803235045js_/http_/estrellasdebetta.com/wp-includes/js/wp-embed.minef15.html]
[web.archive.org/_static/css/record.css]
[estrellasdebetta.github.io/web.archive.org/web/20171022101923im_/http_/estrellasdebetta.com/wp-content/themes/dt-the7/css/img/close.png]
[estrellasdebetta.github.io/web.archive.org/web/20171022095427im_/http_/estrellasdebetta.com/wp-content/themes/dt-the7/css/img/circles.png]
[estrellasdebetta.github.io/web.archive.org/web/20171022093957im_/http_/estrellasdebetta.com/wp-content/themes/dt-the7/css/img/sl-loading.gif]
[estrellasdebetta.github.io/web.archive.org/web/20171002175847im_/http_/estrellasdebetta.com/wp-content/themes/dt-the7/js/plugins/pretty-photo/css/prettyPhotoa288.css]
[estrellasdebetta.github.io/web.archive.org/web/20171022095007cs_/http_/estrellasdebetta.com/wp-content/themes/dt-the7/style.css]
[estrellasdebetta.github.io/web.archive.org/web/20170914025252/http_/estrellasdebetta.com/ABCDEFGHIJKLMNOPQRSTUVWXYZabcdefghijklmnopqrstuvwxyz0123456789+/index.html]
[estrellasdebetta.github.io/web.archive.org/web/20170804024236/http_/estrellasdebetta.com/bio/ABCDEFGHIJKLMNOPQRSTUVWXYZabcdefghijklmnopqrstuvwxyz0123456789+/index.html]
[estrellasdebetta.github.io/web.archive.org/web/20170703183911/http_/estrellasdebetta.com/blog/ABCDEFGHIJKLMNOPQRSTUVWXYZabcdefghijklmnopqrstuvwxyz0123456789+/index.html]
[estrellasdebetta.github.io/web.archive.org/web/20170703183911/http_/estrellasdebetta.com/blog/ABCDEFGHIJKLMNOPQRSTUVWXYZabcdefghijklmnopqrstuvwxyz0123456789+/index.html]
[estrellasdebetta.github.io/web.archive.org/web/20170803235141/http_/estrellasdebetta.com/preguntas-mas-frecuentes/ABCDEFGHIJKLMNOPQRSTUVWXYZabcdefghijklmnopqrstuvwxyz0123456789+/index.html]
[estrellasdebetta.github.io/web.archive.org/web/20170803235141/http_/estrellasdebetta.com/preguntas-mas-frecuentes/ABCDEFGHIJKLMNOPQRSTUVWXYZabcdefghijklmnopqrstuvwxyz0123456789+/index.html]
